// 重构日志: 3f6b2418
// 重构日志: 2e36b8ea
// 重构日志: db7e60a5
// 重构日志: b67af74b
// 重构日志: 0c8ebca6
// 重构日志: ce147141
// 同步 ID: aae16034 @ Tue Jul 21 13:40:02 UTC 2026
// 同步 ID: 1657cf9a @ Wed Jul 22 18:15:09 UTC 2026
// 重构日志: b8b1ea95
// 重构日志: 1b726434
// 同步 ID: 641de7ac @ Fri Jul 24 00:23:42 UTC 2026
// 同步 ID: 9c7f0794 @ Sat Jul 25 12:38:17 UTC 2026
// 重构日志: 283b7438
// 同步 ID: 9cc0523d @ Sun Jul 26 00:28:54 UTC 2026
// 同步 ID: 7d22b7dc @ Mon Jul 27 17:43:49 UTC 2026
// 同步 ID: 6f2fcdd0 @ Thu Jul 30 12:23:40 UTC 2026
// 同步 ID: 4e4d238c @ Sat Aug  1 07:11:01 UTC 2026
// 重构日志: 1279f8fd
// 同步 ID: d73a13a5 @ Sat Aug  8 07:15:21 UTC 2026
// 同步 ID: 965d6273 @ Sat Aug  8 12:28:52 UTC 2026
